---
source: ito-rs/crates/ito-cli/tests/cli_snapshots.rs
expression: "snapshot(&[\"backend\", \"serve\", \"--help\"])"
---
Start the backend state API server

Starts the multi-tenant backend server using the canonical backend
command path.

Examples:
  ito backend serve
  ito backend serve --service
  ito backend serve --port 8080 --bind 0.0.0.0
  ito backend serve --admin-token my-secret

Usage: ito backend serve [OPTIONS]

Options:
      --init
          Generate auth tokens and write them to the global config file, then exit.

          On first run, generates a cryptographically random admin token and token seed, writes them to `~/.config/ito/config.json`, and exits without starting the server. If tokens already exist, reports the config path and exits.

      --no-color
          Disable color output

      --help-all
          Print the full CLI reference (equivalent to `ito help --all`)

      --service
          Ensure backend auth exists for unattended service startup, then run.

          If backend auth is missing, silently generates and persists tokens to `~/.config/ito/config.json` before continuing startup.

  -p, --port <PORT>
          Port to listen on (default: 9010)

  -b, --bind <BIND>
          Address to bind to (default: 127.0.0.1)

      --data-dir <DATA_DIR>
          Root directory for backend-managed project data.

          Defaults to `$XDG_DATA_HOME/ito/backend` or `$HOME/.local/share/ito/backend`.

      --admin-token <ADMIN_TOKEN>
          Admin bearer token with full access to all projects.

          Can be specified multiple times. Also set via `ITO_BACKEND_ADMIN_TOKEN`.

      --token-seed <TOKEN_SEED>
          Secret seed for deriving per-project tokens via HMAC-SHA256.

          Also set via `ITO_BACKEND_TOKEN_SEED`.

      --allow-org <ALLOW_ORG>
          Allow an organization (can be specified multiple times)

      --config <CONFIG>
          Path to a TOML/JSON config file for full backend server configuration.

          When provided, CLI flags override corresponding config file values.

  -h, --help
          Print help (see a summary with '-h')
